// Jest Snapshot v1, https://goo.gl/fbAQLP

exports[`should add 1 + 1 1`] = `2`;
